// Jest Snapshot v1, https://goo.gl/fbAQLP

exports[`<DetailsScreen /> renders correctly 1`] = `
<View
  style={
    Object {
      "alignItems": "center",
      "backgroundColor": "#DBE8D8",
      "borderColor": "black",
      "borderRadius": 6,
      "color": "white",
      "fontSize": 50,
      "minHeight": "100%",
      "padding": 10,
    }
  }
>
  <View
    style={
      Object {
        "alignItems": "center",
        "borderColor": "black",
        "borderRadius": 6,
        "color": "white",
        "fontSize": 50,
        "minHeight": "100%",
        "padding": 10,
      }
    }
  >
    <Image
      source={
        Object {
          "height": 200,
          "uri": "https://randomuser.me/api/portraits/men/34.jpg",
          "width": 200,
        }
      }
    />
    <Text>
      Personalia : 
      Mr
       
      John
       
      Doe
    </Text>
    <Text>
      Phone number: 
    </Text>
    <Text>
      Email address : 
    </Text>
    <Text>
      Located in : 
      sweden
      , 
      Stockholm
    </Text>
    <Text>
      Comments : 
       
    </Text>
  </View>
  <View>
    <Text>
      Write your comment
    </Text>
    <TextInput
      multiline={true}
      numberOfLines={4}
      onSubmitEditing={2}
      placeholder="Type your comment here ..."
      style={
        Object {
          "backgroundColor": "lightgray",
        }
      }
    />
  </View>
  <View
    accessibilityRole="button"
    accessible={true}
    collapsable={false}
    focusable={false}
    onClick={[Function]}
    onResponderGrant={[Function]}
    onResponderMove={[Function]}
    onResponderRelease={[Function]}
    onResponderTerminate={[Function]}
    onResponderTerminationRequest={[Function]}
    onStartShouldSetResponder={[Function]}
    style={
      Object {
        "opacity": 1,
      }
    }
  >
    <View
      style={
        Array [
          Object {},
        ]
      }
    >
      <Text
        style={
          Array [
            Object {
              "color": "#007AFF",
              "fontSize": 18,
              "margin": 8,
              "textAlign": "center",
            },
          ]
        }
      >
        Submit comment
      </Text>
    </View>
  </View>
</View>
`;
